// Jest Snapshot v1, https://goo.gl/fbAQLP

exports[`renders learn react link 1`] = `
<div
  class="sc-bcXHqe gdSwig"
>
  <h1>
    Hellow
  </h1>
</div>
`;
